Archive member included to satisfy reference by file (symbol)

c:/program files (x86)/gnu tools arm embedded/6 2017-q1-update/bin/../lib/gcc/arm-none-eabi/6.3.1/thumb/v6-m\libgcc.a(_thumb1_case_uqi.o)
                              ./Library/ebi.o (__gnu_thumb1_case_uqi)
c:/program files (x86)/gnu tools arm embedded/6 2017-q1-update/bin/../lib/gcc/arm-none-eabi/6.3.1/thumb/v6-m\libgcc.a(_udivsi3.o)
                              ./Library/clk.o (__aeabi_uidiv)
c:/program files (x86)/gnu tools arm embedded/6 2017-q1-update/bin/../lib/gcc/arm-none-eabi/6.3.1/thumb/v6-m\libgcc.a(_dvmd_tls.o)
                              c:/program files (x86)/gnu tools arm embedded/6 2017-q1-update/bin/../lib/gcc/arm-none-eabi/6.3.1/thumb/v6-m\libgcc.a(_udivsi3.o) (__aeabi_idiv0)
c:/program files (x86)/gnu tools arm embedded/6 2017-q1-update/bin/../lib/gcc/arm-none-eabi/6.3.1/../../../../arm-none-eabi/lib/thumb/v6-m\libg_nano.a(lib_a-errno.o)
                              ./CMSIS/CMSIS/GCC/_syscalls.o (__errno)
c:/program files (x86)/gnu tools arm embedded/6 2017-q1-update/bin/../lib/gcc/arm-none-eabi/6.3.1/../../../../arm-none-eabi/lib/thumb/v6-m\libg_nano.a(lib_a-exit.o)
                              c:/program files (x86)/gnu tools arm embedded/6 2017-q1-update/bin/../lib/gcc/arm-none-eabi/6.3.1/../../../../arm-none-eabi/lib/thumb/v6-m/crt0.o (exit)
c:/program files (x86)/gnu tools arm embedded/6 2017-q1-update/bin/../lib/gcc/arm-none-eabi/6.3.1/../../../../arm-none-eabi/lib/thumb/v6-m\libg_nano.a(lib_a-impure.o)
                              c:/program files (x86)/gnu tools arm embedded/6 2017-q1-update/bin/../lib/gcc/arm-none-eabi/6.3.1/../../../../arm-none-eabi/lib/thumb/v6-m\libg_nano.a(lib_a-exit.o) (_global_impure_ptr)
c:/program files (x86)/gnu tools arm embedded/6 2017-q1-update/bin/../lib/gcc/arm-none-eabi/6.3.1/../../../../arm-none-eabi/lib/thumb/v6-m\libg_nano.a(lib_a-init.o)
                              c:/program files (x86)/gnu tools arm embedded/6 2017-q1-update/bin/../lib/gcc/arm-none-eabi/6.3.1/../../../../arm-none-eabi/lib/thumb/v6-m/crt0.o (__libc_init_array)
c:/program files (x86)/gnu tools arm embedded/6 2017-q1-update/bin/../lib/gcc/arm-none-eabi/6.3.1/../../../../arm-none-eabi/lib/thumb/v6-m\libg_nano.a(lib_a-malloc.o)
                              ./User/EEPROM_Emulate.o (malloc)
c:/program files (x86)/gnu tools arm embedded/6 2017-q1-update/bin/../lib/gcc/arm-none-eabi/6.3.1/../../../../arm-none-eabi/lib/thumb/v6-m\libg_nano.a(lib_a-memcpy-stub.o)
                              ./User/main.o (memcpy)
c:/program files (x86)/gnu tools arm embedded/6 2017-q1-update/bin/../lib/gcc/arm-none-eabi/6.3.1/../../../../arm-none-eabi/lib/thumb/v6-m\libg_nano.a(lib_a-memset.o)
                              c:/program files (x86)/gnu tools arm embedded/6 2017-q1-update/bin/../lib/gcc/arm-none-eabi/6.3.1/../../../../arm-none-eabi/lib/thumb/v6-m/crt0.o (memset)
c:/program files (x86)/gnu tools arm embedded/6 2017-q1-update/bin/../lib/gcc/arm-none-eabi/6.3.1/../../../../arm-none-eabi/lib/thumb/v6-m\libg_nano.a(lib_a-nano-freer.o)
                              c:/program files (x86)/gnu tools arm embedded/6 2017-q1-update/bin/../lib/gcc/arm-none-eabi/6.3.1/../../../../arm-none-eabi/lib/thumb/v6-m\libg_nano.a(lib_a-malloc.o) (_free_r)
c:/program files (x86)/gnu tools arm embedded/6 2017-q1-update/bin/../lib/gcc/arm-none-eabi/6.3.1/../../../../arm-none-eabi/lib/thumb/v6-m\libg_nano.a(lib_a-nano-mallocr.o)
                              c:/program files (x86)/gnu tools arm embedded/6 2017-q1-update/bin/../lib/gcc/arm-none-eabi/6.3.1/../../../../arm-none-eabi/lib/thumb/v6-m\libg_nano.a(lib_a-malloc.o) (_malloc_r)
c:/program files (x86)/gnu tools arm embedded/6 2017-q1-update/bin/../lib/gcc/arm-none-eabi/6.3.1/../../../../arm-none-eabi/lib/thumb/v6-m\libg_nano.a(lib_a-printf.o)
                              ./User/main.o (printf)
c:/program files (x86)/gnu tools arm embedded/6 2017-q1-update/bin/../lib/gcc/arm-none-eabi/6.3.1/../../../../arm-none-eabi/lib/thumb/v6-m\libg_nano.a(lib_a-puts.o)
                              ./User/main.o (puts)
c:/program files (x86)/gnu tools arm embedded/6 2017-q1-update/bin/../lib/gcc/arm-none-eabi/6.3.1/../../../../arm-none-eabi/lib/thumb/v6-m\libg_nano.a(lib_a-sbrkr.o)
                              c:/program files (x86)/gnu tools arm embedded/6 2017-q1-update/bin/../lib/gcc/arm-none-eabi/6.3.1/../../../../arm-none-eabi/lib/thumb/v6-m\libg_nano.a(lib_a-nano-mallocr.o) (_sbrk_r)
c:/program files (x86)/gnu tools arm embedded/6 2017-q1-update/bin/../lib/gcc/arm-none-eabi/6.3.1/../../../../arm-none-eabi/lib/thumb/v6-m\libg_nano.a(lib_a-strlen.o)
                              ./User/main.o (strlen)
c:/program files (x86)/gnu tools arm embedded/6 2017-q1-update/bin/../lib/gcc/arm-none-eabi/6.3.1/../../../../arm-none-eabi/lib/thumb/v6-m\libg_nano.a(lib_a-wbuf.o)
[...]
Memory Configuration

Name             Origin             Length             Attributes
FLASH            0x00000000         0x00004000         xr
RAM              0x20000000         0x00000800         xrw
*default*        0x00000000         0xffffffff

Linker script and memory map

LOAD c:/program files (x86)/gnu tools arm embedded/6 2017-q1-update/bin/../lib/gcc/arm-none-eabi/6.3.1/thumb/v6-m/crti.o
LOAD c:/program files (x86)/gnu tools arm embedded/6 2017-q1-update/bin/../lib/gcc/arm-none-eabi/6.3.1/thumb/v6-m/crtbegin.o
LOAD c:/program files (x86)/gnu tools arm embedded/6 2017-q1-update/bin/../lib/gcc/arm-none-eabi/6.3.1/../../../../arm-none-eabi/lib/thumb/v6-m/crt0.o
LOAD ./User/EEPROM_Emulate.o
LOAD ./User/main.o
LOAD ./Library/acmp.o
LOAD ./Library/adc.o
LOAD ./Library/clk.o
LOAD ./Library/crc.o
LOAD ./Library/ebi.o
LOAD ./Library/fmc.o
LOAD ./Library/gpio.o
LOAD ./Library/i2c.o
LOAD ./Library/pdma.o
LOAD ./Library/pwm.o
LOAD ./Library/retarget.o
LOAD ./Library/spi.o
LOAD ./Library/sys.o
LOAD ./Library/timer.o
LOAD ./Library/uart.o
LOAD ./Library/usbd.o
LOAD ./Library/usci_i2c.o
LOAD ./Library/usci_spi.o
LOAD ./Library/usci_uart.o
LOAD ./Library/wdt.o
LOAD ./Library/wwdt.o
LOAD ./CMSIS/CMSIS/GCC/_syscalls.o
LOAD ./CMSIS/CMSIS/GCC/startup_M031Series.o
LOAD ./CMSIS/CMSIS/system_M031Series.o
START GROUP
LOAD c:/program files (x86)/gnu tools arm embedded/6 2017-q1-update/bin/../lib/gcc/arm-none-eabi/6.3.1/thumb/v6-m\libgcc.a
LOAD c:/program files (x86)/gnu tools arm embedded/6 2017-q1-update/bin/../lib/gcc/arm-none-eabi/6.3.1/../../../../arm-none-eabi/lib/thumb/v6-m\libg_nano.a
LOAD c:/program files (x86)/gnu tools arm embedded/6 2017-q1-update/bin/../lib/gcc/arm-none-eabi/6.3.1/../../../../arm-none-eabi/lib/thumb/v6-m\libc_nano.a
END GROUP
START GROUP
LOAD c:/program files (x86)/gnu tools arm embedded/6 2017-q1-update/bin/../lib/gcc/arm-none-eabi/6.3.1/thumb/v6-m\libgcc.a
LOAD c:/program files (x86)/gnu tools arm embedded/6 2017-q1-update/bin/../lib/gcc/arm-none-eabi/6.3.1/../../../../arm-none-eabi/lib/thumb/v6-m\libc_nano.a
END GROUP
LOAD c:/program files (x86)/gnu tools arm embedded/6 2017-q1-update/bin/../lib/gcc/arm-none-eabi/6.3.1/thumb/v6-m/crtend.o
LOAD c:/program files (x86)/gnu tools arm embedded/6 2017-q1-update/bin/../lib/gcc/arm-none-eabi/6.3.1/thumb/v6-m/crtn.o
START GROUP
LOAD c:/program files (x86)/gnu tools arm embedded/6 2017-q1-update/bin/../lib/gcc/arm-none-eabi/6.3.1/thumb/v6-m\libgcc.a
LOAD c:/program files (x86)/gnu tools arm embedded/6 2017-q1-update/bin/../lib/gcc/arm-none-eabi/6.3.1/../../../../arm-none-eabi/lib/thumb/v6-m\libc.a
LOAD c:/program files (x86)/gnu tools arm embedded/6 2017-q1-update/bin/../lib/gcc/arm-none-eabi/6.3.1/../../../../arm-none-eabi/lib/thumb/v6-m\libm.a
LOAD c:/program files (x86)/gnu tools arm embedded/6 2017-q1-update/bin/../lib/gcc/arm-none-eabi/6.3.1/../../../../arm-none-eabi/lib/thumb/v6-m\libnosys.a
END GROUP

.text           0x00000000     0x25c8
 *(.vectors)
 .vectors       0x00000000       0xc0 ./CMSIS/CMSIS/GCC/startup_M031Series.o
                0x00000000                __Vectors
                0x000000c0                __Vectors_End = .
                0x000000c0                __Vectors_Size = (__Vectors_End - __Vectors)
                0x000000c0                __end__ = .
 *(.text*)
 .text          0x000000c0       0x60 c:/program files (x86)/gnu tools arm embedded/6 2017-q1-update/bin/../lib/gcc/arm-none-eabi/6.3.1/thumb/v6-m/crtbegin.o
 .text          0x00000120       0x78 c:/program files (x86)/gnu tools arm embedded/6 2017-q1-update/bin/../lib/gcc/arm-none-eabi/6.3.1/../../../../arm-none-eabi/lib/thumb/v6-m/crt0.o
                0x00000120                _start
                0x00000120                _mainCRTStartup
 .text.FMC_Enable
                0x00000198       0x38 ./User/EEPROM_Emulate.o
                0x00000198                FMC_Enable
 .text.Init_EEPROM
                0x000001d0       0x44 ./User/EEPROM_Emulate.o
                0x000001d0                Init_EEPROM
 .text.Search_Valid_Page
                0x00000214       0xf8 ./User/EEPROM_Emulate.o
                0x00000214                Search_Valid_Page
 .text.Read_Data
                0x0000030c       0x1c ./User/EEPROM_Emulate.o
                0x0000030c                Read_Data
 .text.Manage_Next_Page
                0x00000328      0x100 ./User/EEPROM_Emulate.o
                0x00000328                Manage_Next_Page
 .text.Write_Data
                0x00000428       0xac ./User/EEPROM_Emulate.o
                0x00000428                Write_Data
 .text.SYS_UnlockReg
                0x000004d4       0x1c ./User/main.o
 .text.set_data_flash_base
                0x000004f0       0xa4 ./User/main.o
                0x000004f0                set_data_flash_base
 .text.GPIO_Init
                0x00000594       0x14 ./User/main.o
                0x00000594                GPIO_Init
 .text.Emulate_EEPROM_WriteTest
                0x000005a8       0x34 ./User/main.o
                0x000005a8                Emulate_EEPROM_WriteTest
 .text.Emulate_EEPROM_ReadTest
                0x000005dc       0x38 ./User/main.o
                0x000005dc                Emulate_EEPROM_ReadTest
 .text.Emulate_EEPROM_Process
                0x00000614       0x50 ./User/main.o
                0x00000614                Emulate_EEPROM_Process
 .text.Emulate_EEPROM
                0x00000664       0x30 ./User/main.o
                0x00000664                Emulate_EEPROM
 .text.UART_Loop_Process
                0x00000694       0x60 ./User/main.o
                0x00000694                UART_Loop_Process
 .text.UART02_IRQHandler
                0x000006f4       0xa0 ./User/main.o
                0x000006f4                UART02_IRQHandler
 .text.UART0_HW_Init
                0x00000794       0x34 ./User/main.o
                0x00000794                UART0_HW_Init
 .text.UART0_Init
                0x000007c8       0xa4 ./User/main.o
                0x000007c8                UART0_Init
 .text.TMR1_IRQHandler
                0x0000086c       0x68 ./User/main.o
                0x0000086c                TMR1_IRQHandler
 .text.TIMER1_Init
                0x000008d4       0x38 ./User/main.o
                0x000008d4                TIMER1_Init
 .text.SYS_Init
                0x0000090c       0x48 ./User/main.o
                0x0000090c                SYS_Init
 .text.startup.main
                0x00000954       0x20 ./User/main.o
                0x00000954                main
 .text.CLK_GetHXTFreq
                0x00000974       0x18 ./Library/clk.o
                0x00000974                CLK_GetHXTFreq
 .text.CLK_GetLXTFreq
                0x0000098c       0x10 ./Library/clk.o
                0x0000098c                CLK_GetLXTFreq
 .text.CLK_GetPCLK0Freq
                0x0000099c       0x20 ./Library/clk.o
                0x0000099c                CLK_GetPCLK0Freq
 .text.CLK_GetPCLK1Freq
                0x000009bc       0x20 ./Library/clk.o
                0x000009bc                CLK_GetPCLK1Freq
 .text.CLK_GetCPUFreq
                0x000009dc       0x10 ./Library/clk.o
                0x000009dc                CLK_GetCPUFreq
 .text.CLK_SetModuleClock
                0x000009ec       0x78 ./Library/clk.o
                0x000009ec                CLK_SetModuleClock
 .text.CLK_EnableXtalRC
                0x00000a64       0x10 ./Library/clk.o
                0x00000a64                CLK_EnableXtalRC
 .text.CLK_EnableModuleClock
                0x00000a74       0x30 ./Library/clk.o
                0x00000a74                CLK_EnableModuleClock
 .text.CLK_WaitClockReady
                0x00000aa4       0x24 ./Library/clk.o
                0x00000aa4                CLK_WaitClockReady
 .text.CLK_SetHCLK
                0x00000ac8       0x4c ./Library/clk.o
                0x00000ac8                CLK_SetHCLK
 .text.FMC_Close
                0x00000b14       0x10 ./Library/fmc.o
                0x00000b14                FMC_Close
 .text.FMC_Erase
                0x00000b24       0x40 ./Library/fmc.o
                0x00000b24                FMC_Erase
 .text.FMC_Erase_SPROM
                0x00000b64       0x34 ./Library/fmc.o
                0x00000b64                FMC_Erase_SPROM
 .text.FMC_Open
                0x00000b98       0x10 ./Library/fmc.o
                0x00000b98                FMC_Open
 .text.FMC_Read
                0x00000ba8       0x1c ./Library/fmc.o
                0x00000ba8                FMC_Read
 .text.FMC_Write
                0x00000bc4       0x1c ./Library/fmc.o
                0x00000bc4                FMC_Write
 .text.FMC_ReadConfig
                0x00000be0       0x40 ./Library/fmc.o
                0x00000be0                FMC_ReadConfig
 .text.FMC_WriteConfig
                0x00000c20       0x38 ./Library/fmc.o
                0x00000c20                FMC_WriteConfig
 .text.GPIO_SetMode
                0x00000c58       0x28 ./Library/gpio.o
                0x00000c58                GPIO_SetMode
 .text.Hard_Fault_Handler
                0x00000c80       0x70 ./Library/retarget.o
                0x00000c80                Hard_Fault_Handler
 .text.HardFault_Handler
                0x00000cf0       0x20 ./Library/retarget.o
                0x00000cf0                HardFault_Handler
 .text.IsDebugFifoEmpty
                0x00000d10       0x10 ./Library/retarget.o
                0x00000d10                IsDebugFifoEmpty
 .text._write   0x00000d20       0x38 ./Library/retarget.o
                0x00000d20                _write
 .text._read    0x00000d58       0x18 ./Library/retarget.o
                0x00000d58                _read
 .text.SYS_ResetModule
                0x00000d70       0x20 ./Library/sys.o
                0x00000d70                SYS_ResetModule
 .text.TIMER_GetModuleClock
                0x00000d90       0x74 ./Library/timer.o
                0x00000d90                TIMER_GetModuleClock
 .text.TIMER_Open
                0x00000e04       0x3c ./Library/timer.o
                0x00000e04                TIMER_Open
 .text.CLK_GetPLLClockFreq
                0x00000e40       0x5c ./Library/uart.o
 .text.UART_EnableInt
                0x00000e9c        0x8 ./Library/uart.o
                0x00000e9c                UART_EnableInt
 .text.UART_Open
                0x00000ea4       0xf0 ./Library/uart.o
                0x00000ea4                UART_Open
 .text.UART_SetTimeoutCnt
                0x00000f94       0x16 ./Library/uart.o
                0x00000f94                UART_SetTimeoutCnt
 .text.UART_Write
                0x00000faa       0x28 ./Library/uart.o
                0x00000faa                UART_Write
 .text._close   0x00000fd2       0x10 ./CMSIS/CMSIS/GCC/_syscalls.o
                0x00000fd2                _close
 .text._fstat   0x00000fe2       0x10 ./CMSIS/CMSIS/GCC/_syscalls.o
                0x00000fe2                _fstat
 .text._isatty  0x00000ff2        0xe ./CMSIS/CMSIS/GCC/_syscalls.o
                0x00000ff2                _isatty
 .text._lseek   0x00001000       0x10 ./CMSIS/CMSIS/GCC/_syscalls.o
                0x00001000                _lseek
 .text          0x00001010       0x5c ./CMSIS/CMSIS/GCC/startup_M031Series.o
                0x00001010                Reset_Handler
                0x00001068                I2C0_IRQHandler
                0x00001068                SysTick_Handler
                0x00001068                PWM1_IRQHandler
                0x00001068                PendSV_Handler
                0x00001068                NMI_Handler
                0x00001068                I2C1_IRQHandler
                0x00001068                EINT135_IRQHandler
                0x00001068                USBD_IRQHandler
                0x00001068                TMR0_IRQHandler
                0x00001068                UART13_IRQHandler
                0x00001068                QSPI0_IRQHandler
                0x00001068                UART57_IRQHandler
                0x00001068                EINT024_IRQHandler
                0x00001068                RTC_IRQHandler
                0x00001068                PWRWU_IRQHandler
                0x00001068                ACMP01_IRQHandler
                0x00001068                BPWM1_IRQHandler
                0x00001068                GPABGH_IRQHandler
                0x00001068                Default_Handler
                0x00001068                CKFAIL_IRQHandler
                0x00001068                ADC_IRQHandler
                0x00001068                UART46_IRQHandler
                0x00001068                TMR2_IRQHandler
                0x00001068                BPWM0_IRQHandler
                0x00001068                BOD_IRQHandler
                0x00001068                WDT_IRQHandler
                0x00001068                SVC_Handler
                0x00001068                PDMA_IRQHandler
                0x00001068                ISP_IRQHandler
                0x00001068                PWM0_IRQHandler
                0x00001068                TMR3_IRQHandler
                0x00001068                GPCDEF_IRQHandler
                0x00001068                SPI0_IRQHandler
                0x00001068                USCI01_IRQHandler
 .text.SystemCoreClockUpdate
                0x0000106c       0xa4 ./CMSIS/CMSIS/system_M031Series.o
                0x0000106c                SystemCoreClockUpdate
 .text.SystemInit
                0x00001110       0x3c ./CMSIS/CMSIS/system_M031Series.o
                0x00001110                SystemInit
 .text          0x0000114c      0x114 c:/program files (x86)/gnu tools arm embedded/6 2017-q1-update/bin/../lib/gcc/arm-none-eabi/6.3.1/thumb/v6-m\libgcc.a(_udivsi3.o)
                0x0000114c                __aeabi_uidiv
                0x0000114c                __udivsi3
                0x00001258                __aeabi_uidivmod
 .text          0x00001260        0x4 c:/program files (x86)/gnu tools arm embedded/6 2017-q1-update/bin/../lib/gcc/arm-none-eabi/6.3.1/thumb/v6-m\libgcc.a(_dvmd_tls.o)
                0x00001260                __aeabi_idiv0
                0x00001260                __aeabi_ldiv0
 .text.__errno  0x00001264        0xc c:/program files (x86)/gnu tools arm embedded/6 2017-q1-update/bin/../lib/gcc/arm-none-eabi/6.3.1/../../../../arm-none-eabi/lib/thumb/v6-m\libg_nano.a(lib_a-errno.o)
                0x00001264                __errno
 .text.exit     0x00001270       0x2c c:/program files (x86)/gnu tools arm embedded/6 2017-q1-update/bin/../lib/gcc/arm-none-eabi/6.3.1/../../../../arm-none-eabi/lib/thumb/v6-m\libg_nano.a(lib_a-exit.o)
                0x00001270                exit
 .text.__libc_init_array
                0x0000129c       0x48 c:/program files (x86)/gnu tools arm embedded/6 2017-q1-update/bin/../lib/gcc/arm-none-eabi/6.3.1/../../../../arm-none-eabi/lib/thumb/v6-m\libg_nano.a(lib_a-init.o)
                0x0000129c                __libc_init_array
 .text.malloc   0x000012e4       0x14 c:/program files (x86)/gnu tools arm embedded/6 2017-q1-update/bin/../lib/gcc/arm-none-eabi/6.3.1/../../../../arm-none-eabi/lib/thumb/v6-m\libg_nano.a(lib_a-malloc.o)
                0x000012e4                malloc
 .text.memcpy   0x000012f8       0x12 c:/program files (x86)/gnu tools arm embedded/6 2017-q1-update/bin/../lib/gcc/arm-none-eabi/6.3.1/../../../../arm-none-eabi/lib/thumb/v6-m\libg_nano.a(lib_a-memcpy-stub.o)
                0x000012f8                memcpy
 .text.memset   0x0000130a       0x10 c:/program files (x86)/gnu tools arm embedded/6 2017-q1-update/bin/../lib/gcc/arm-none-eabi/6.3.1/../../../../arm-none-eabi/lib/thumb/v6-m\libg_nano.a(lib_a-memset.o)
                0x0000130a                memset
 *fill*         0x0000131a        0x2 
 .text._free_r  0x0000131c       0x94 c:/program files (x86)/gnu tools arm embedded/6 2017-q1-update/bin/../lib/gcc/arm-none-eabi/6.3.1/../../../../arm-none-eabi/lib/thumb/v6-m\libg_nano.a(lib_a-nano-freer.o)
                0x0000131c                _free_r
 .text._malloc_r
                0x000013b0       0xbc c:/program files (x86)/gnu tools arm embedded/6 2017-q1-update/bin/../lib/gcc/arm-none-eabi/6.3.1/../../../../arm-none-eabi/lib/thumb/v6-m\libg_nano.a(lib_a-nano-mallocr.o)
                0x000013b0                _malloc_r
 .text.printf   0x0000146c       0x34 c:/program files (x86)/gnu tools arm embedded/6 2017-q1-update/bin/../lib/gcc/arm-none-eabi/6.3.1/../../../../arm-none-eabi/lib/thumb/v6-m\libg_nano.a(lib_a-printf.o)
                0x0000146c                iprintf
                0x0000146c                printf
 .text._puts_r  0x000014a0       0xc0 c:/program files (x86)/gnu tools arm embedded/6 2017-q1-update/bin/../lib/gcc/arm-none-eabi/6.3.1/../../../../arm-none-eabi/lib/thumb/v6-m\libg_nano.a(lib_a-puts.o)
                0x000014a0                _puts_r
 .text.puts     0x00001560       0x14 c:/program files (x86)/gnu tools arm embedded/6 2017-q1-update/bin/../lib/gcc/arm-none-eabi/6.3.1/../../../../arm-none-eabi/lib/thumb/v6-m\libg_nano.a(lib_a-puts.o)
                0x00001560                puts
 .text._sbrk_r  0x00001574       0x24 c:/program files (x86)/gnu tools arm embedded/6 2017-q1-update/bin/../lib/gcc/arm-none-eabi/6.3.1/../../../../arm-none-eabi/lib/thumb/v6-m\libg_nano.a(lib_a-sbrkr.o)
                0x00001574                _sbrk_r
 .text          0x00001598        0xe c:/program files (x86)/gnu tools arm embedded/6 2017-q1-update/bin/../lib/gcc/arm-none-eabi/6.3.1/../../../../arm-none-eabi/lib/thumb/v6-m\libg_nano.a(lib_a-strlen.o)
                0x00001598                strlen
 *fill*         0x000015a6        0x2 
 .text.__swbuf_r
                0x000015a8       0xac c:/program files (x86)/gnu tools arm embedded/6 2017-q1-update/bin/../lib/gcc/arm-none-eabi/6.3.1/../../../../arm-none-eabi/lib/thumb/v6-m\libg_nano.a(lib_a-wbuf.o)
                0x000015a8                __swbuf_r
 .text.__swsetup_r
                0x00001654       0xec c:/program files (x86)/gnu tools arm embedded/6 2017-q1-update/bin/../lib/gcc/arm-none-eabi/6.3.1/../../../../arm-none-eabi/lib/thumb/v6-m\libg_nano.a(lib_a-wsetup.o)
                0x00001654                __swsetup_r
 .text.__sflush_r
                0x00001740      0x114 c:/program files (x86)/gnu tools arm embedded/6 2017-q1-update/bin/../lib/gcc/arm-none-eabi/6.3.1/../../../../arm-none-eabi/lib/thumb/v6-m\libg_nano.a(lib_a-fflush.o)
                0x00001740                __sflush_r
 .text._fflush_r
                0x00001854       0x58 c:/program files (x86)/gnu tools arm embedded/6 2017-q1-update/bin/../lib/gcc/arm-none-eabi/6.3.1/../../../../arm-none-eabi/lib/thumb/v6-m\libg_nano.a(lib_a-fflush.o)
                0x00001854                _fflush_r
 .text._cleanup_r
                0x000018ac       0x10 c:/program files (x86)/gnu tools arm embedded/6 2017-q1-update/bin/../lib/gcc/arm-none-eabi/6.3.1/../../../../arm-none-eabi/lib/thumb/v6-m\libg_nano.a(lib_a-findfp.o)
                0x000018ac                _cleanup_r
 .text.std.isra.0
                0x000018bc       0x48 c:/program files (x86)/gnu tools arm embedded/6 2017-q1-update/bin/../lib/gcc/arm-none-eabi/6.3.1/../../../../arm-none-eabi/lib/thumb/v6-m\libg_nano.a(lib_a-findfp.o)
 .text.__sfmoreglue
                0x00001904       0x2c c:/program files (x86)/gnu tools arm embedded/6 2017-q1-update/bin/../lib/gcc/arm-none-eabi/6.3.1/../../../../arm-none-eabi/lib/thumb/v6-m\libg_nano.a(lib_a-findfp.o)
                0x00001904                __sfmoreglue
 .text.__sinit  0x00001930       0x68 c:/program files (x86)/gnu tools arm embedded/6 2017-q1-update/bin/../lib/gcc/arm-none-eabi/6.3.1/../../../../arm-none-eabi/lib/thumb/v6-m\libg_nano.a(lib_a-findfp.o)
                0x00001930                __sinit
 .text.__sfp    0x00001998       0x80 c:/program files (x86)/gnu tools arm embedded/6 2017-q1-update/bin/../lib/gcc/arm-none-eabi/6.3.1/../../../../arm-none-eabi/lib/thumb/v6-m\libg_nano.a(lib_a-findfp.o)
                0x00001998                __sfp
 .text._fwalk_reent
                0x00001a18       0x42 c:/program files (x86)/gnu tools arm embedded/6 2017-q1-update/bin/../lib/gcc/arm-none-eabi/6.3.1/../../../../arm-none-eabi/lib/thumb/v6-m\libg_nano.a(lib_a-fwalk.o)
                0x00001a18                _fwalk_reent
 *fill*         0x00001a5a        0x2 
 .text.__swhatbuf_r
                0x00001a5c       0x50 c:/program files (x86)/gnu tools arm embedded/6 2017-q1-update/bin/../lib/gcc/arm-none-eabi/6.3.1/../../../../arm-none-eabi/lib/thumb/v6-m\libg_nano.a(lib_a-makebuf.o)
                0x00001a5c                __swhatbuf_r
 .text.__smakebuf_r
                0x00001aac       0x88 c:/program files (x86)/gnu tools arm embedded/6 2017-q1-update/bin/../lib/gcc/arm-none-eabi/6.3.1/../../../../arm-none-eabi/lib/thumb/v6-m\libg_nano.a(lib_a-makebuf.o)
                0x00001aac                __smakebuf_r
 .text.__malloc_lock
                0x00001b34        0x2 c:/program files (x86)/gnu tools arm embedded/6 2017-q1-update/bin/../lib/gcc/arm-none-eabi/6.3.1/../../../../arm-none-eabi/lib/thumb/v6-m\libg_nano.a(lib_a-mlock.o)
                0x00001b34                __malloc_lock
 .text.__malloc_unlock
                0x00001b36        0x2 c:/program files (x86)/gnu tools arm embedded/6 2017-q1-update/bin/../lib/gcc/arm-none-eabi/6.3.1/../../../../arm-none-eabi/lib/thumb/v6-m\libg_nano.a(lib_a-mlock.o)
                0x00001b36                __malloc_unlock
 .text.__sfputc_r
                0x00001b38       0x2a c:/program files (x86)/gnu tools arm embedded/6 2017-q1-update/bin/../lib/gcc/arm-none-eabi/6.3.1/../../../../arm-none-eabi/lib/thumb/v6-m\libg_nano.a(lib_a-nano-vfprintf.o)
 .text.__sfputs_r
                0x00001b62       0x24 c:/program files (x86)/gnu tools arm embedded/6 2017-q1-update/bin/../lib/gcc/arm-none-eabi/6.3.1/../../../../arm-none-eabi/lib/thumb/v6-m\libg_nano.a(lib_a-nano-vfprintf.o)
                0x00001b62                __sfputs_r
 *fill*         0x00001b86        0x2 
 .text._vfprintf_r
                0x00001b88      0x238 c:/program files (x86)/gnu tools arm embedded/6 2017-q1-update/bin/../lib/gcc/arm-none-eabi/6.3.1/../../../../arm-none-eabi/lib/thumb/v6-m\libg_nano.a(lib_a-nano-vfprintf.o)
                0x00001b88                _vfprintf_r
                0x00001b88                _vfiprintf_r
 .text._printf_common
                0x00001dc0       0xda c:/program files (x86)/gnu tools arm embedded/6 2017-q1-update/bin/../lib/gcc/arm-none-eabi/6.3.1/../../../../arm-none-eabi/lib/thumb/v6-m\libg_nano.a(lib_a-nano-vfprintf_i.o)
                0x00001dc0                _printf_common
 *fill*         0x00001e9a        0x2 
 .text._printf_i
                0x00001e9c      0x234 c:/program files (x86)/gnu tools arm embedded/6 2017-q1-update/bin/../lib/gcc/arm-none-eabi/6.3.1/../../../../arm-none-eabi/lib/thumb/v6-m\libg_nano.a(lib_a-nano-vfprintf_i.o)
                0x00001e9c                _printf_i
 .text.__sread  0x000020d0       0x28 c:/program files (x86)/gnu tools arm embedded/6 2017-q1-update/bin/../lib/gcc/arm-none-eabi/6.3.1/../../../../arm-none-eabi/lib/thumb/v6-m\libg_nano.a(lib_a-stdio.o)
                0x000020d0                __sread
 .text.__swrite
                0x000020f8       0x38 c:/program files (x86)/gnu tools arm embedded/6 2017-q1-update/bin/../lib/gcc/arm-none-eabi/6.3.1/../../../../arm-none-eabi/lib/thumb/v6-m\libg_nano.a(lib_a-stdio.o)
                0x000020f8                __swrite
 .text.__sseek  0x00002130       0x2c c:/program files (x86)/gnu tools arm embedded/6 2017-q1-update/bin/../lib/gcc/arm-none-eabi/6.3.1/../../../../arm-none-eabi/lib/thumb/v6-m\libg_nano.a(lib_a-stdio.o)
                0x00002130                __sseek
 .text.__sclose
                0x0000215c        0xc c:/program files (x86)/gnu tools arm embedded/6 2017-q1-update/bin/../lib/gcc/arm-none-eabi/6.3.1/../../../../arm-none-eabi/lib/thumb/v6-m\libg_nano.a(lib_a-stdio.o)
                0x0000215c                __sclose
 .text._write_r
                0x00002168       0x28 c:/program files (x86)/gnu tools arm embedded/6 2017-q1-update/bin/../lib/gcc/arm-none-eabi/6.3.1/../../../../arm-none-eabi/lib/thumb/v6-m\libg_nano.a(lib_a-writer.o)
                0x00002168                _write_r
 .text._close_r
                0x00002190       0x24 c:/program files (x86)/gnu tools arm embedded/6 2017-q1-update/bin/../lib/gcc/arm-none-eabi/6.3.1/../../../../arm-none-eabi/lib/thumb/v6-m\libg_nano.a(lib_a-closer.o)
                0x00002190                _close_r
 .text._fstat_r
                0x000021b4       0x24 c:/program files (x86)/gnu tools arm embedded/6 2017-q1-update/bin/../lib/gcc/arm-none-eabi/6.3.1/../../../../arm-none-eabi/lib/thumb/v6-m\libg_nano.a(lib_a-fstatr.o)
                0x000021b4                _fstat_r
 .text._isatty_r
                0x000021d8       0x24 c:/program files (x86)/gnu tools arm embedded/6 2017-q1-update/bin/../lib/gcc/arm-none-eabi/6.3.1/../../../../arm-none-eabi/lib/thumb/v6-m\libg_nano.a(lib_a-isattyr.o)
                0x000021d8                _isatty_r
 .text._lseek_r
                0x000021fc       0x28 c:/program files (x86)/gnu tools arm embedded/6 2017-q1-update/bin/../lib/gcc/arm-none-eabi/6.3.1/../../../../arm-none-eabi/lib/thumb/v6-m\libg_nano.a(lib_a-lseekr.o)
                0x000021fc                _lseek_r
 .text.memchr   0x00002224       0x16 c:/program files (x86)/gnu tools arm embedded/6 2017-q1-update/bin/../lib/gcc/arm-none-eabi/6.3.1/../../../../arm-none-eabi/lib/thumb/v6-m\libg_nano.a(lib_a-memchr-stub.o)
                0x00002224                memchr
 *fill*         0x0000223a        0x2 
 .text._read_r  0x0000223c       0x28 c:/program files (x86)/gnu tools arm embedded/6 2017-q1-update/bin/../lib/gcc/arm-none-eabi/6.3.1/../../../../arm-none-eabi/lib/thumb/v6-m\libg_nano.a(lib_a-readr.o)
                0x0000223c                _read_r
 .text._sbrk    0x00002264       0x1c c:/program files (x86)/gnu tools arm embedded/6 2017-q1-update/bin/../lib/gcc/arm-none-eabi/6.3.1/../../../../arm-none-eabi/lib/thumb/v6-m\libnosys.a(sbrk.o)
                0x00002264                _sbrk
 .text._exit    0x00002280        0x4 c:/program files (x86)/gnu tools arm embedded/6 2017-q1-update/bin/../lib/gcc/arm-none-eabi/6.3.1/../../../../arm-none-eabi/lib/thumb/v6-m\libnosys.a(_exit.o)
                0x00002280                _exit
 *(.init)
 .init          0x00002284        0x4 c:/program files (x86)/gnu tools arm embedded/6 2017-q1-update/bin/../lib/gcc/arm-none-eabi/6.3.1/thumb/v6-m/crti.o
                0x00002284                _init
 .init          0x00002288        0x8 c:/program files (x86)/gnu tools arm embedded/6 2017-q1-update/bin/../lib/gcc/arm-none-eabi/6.3.1/thumb/v6-m/crtn.o
 *(.fini)
 .fini          0x00002290        0x4 c:/program files (x86)/gnu tools arm embedded/6 2017-q1-update/bin/../lib/gcc/arm-none-eabi/6.3.1/thumb/v6-m/crti.o
                0x00002290                _fini
 .fini          0x00002294        0x8 c:/program files (x86)/gnu tools arm embedded/6 2017-q1-update/bin/../lib/gcc/arm-none-eabi/6.3.1/thumb/v6-m/crtn.o
 *crtbegin.o(.ctors)
 *crtbegin?.o(.ctors)
 *(EXCLUDE_FILE(*crtend.o *crtend?.o) .ctors)
 *(SORT(.ctors.*))
 *(.ctors)
 *crtbegin.o(.dtors)
 *crtbegin?.o(.dtors)
 *(EXCLUDE_FILE(*crtend.o *crtend?.o) .dtors)
 *(SORT(.dtors.*))
 *(.dtors)
 *(.rodata*)
 .rodata.Emulate_EEPROM.str1.1
                0x0000229c       0x28 ./User/main.o
 .rodata.Emulate_EEPROM_Process.str1.1
                0x000022c4       0x26 ./User/main.o
 .rodata.Emulate_EEPROM_ReadTest.str1.1
                0x000022ea        0x9 ./User/main.o
                                  0xb (size before relaxing)
 .rodata.UART0_Init.str1.1
                0x000022f3       0x79 ./User/main.o
 .rodata.UART_Loop_Process.str1.1
                0x0000236c       0x7a ./User/main.o
 .rodata.set_data_flash_base.str1.1
                0x000023e6       0x57 ./User/main.o
 *fill*         0x0000243d        0x3 
 .rodata        0x00002440       0x1c ./Library/clk.o
 .rodata.Hard_Fault_Handler.str1.1
                0x0000245c       0x76 ./Library/retarget.o
 *fill*         0x000024d2        0x2 
 .rodata        0x000024d4       0x20 ./Library/timer.o
 .rodata        0x000024f4       0x18 ./Library/uart.o
 .rodata.gau32ClkSrcTbl
                0x0000250c       0x20 ./CMSIS/CMSIS/system_M031Series.o
                0x0000250c                gau32ClkSrcTbl
 .rodata._global_impure_ptr
                0x0000252c        0x4 c:/program files (x86)/gnu tools arm embedded/6 2017-q1-update/bin/../lib/gcc/arm-none-eabi/6.3.1/../../../../arm-none-eabi/lib/thumb/v6-m\libg_nano.a(lib_a-impure.o)
                0x0000252c                _global_impure_ptr
 .rodata.__sf_fake_stderr
                0x00002530       0x20 c:/program files (x86)/gnu tools arm embedded/6 2017-q1-update/bin/../lib/gcc/arm-none-eabi/6.3.1/../../../../arm-none-eabi/lib/thumb/v6-m\libg_nano.a(lib_a-findfp.o)
                0x00002530                __sf_fake_stderr
 .rodata.__sf_fake_stdin
                0x00002550       0x20 c:/program files (x86)/gnu tools arm embedded/6 2017-q1-update/bin/../lib/gcc/arm-none-eabi/6.3.1/../../../../arm-none-eabi/lib/thumb/v6-m\libg_nano.a(lib_a-findfp.o)
                0x00002550                __sf_fake_stdin
 .rodata.__sf_fake_stdout
                0x00002570       0x20 c:/program files (x86)/gnu tools arm embedded/6 2017-q1-update/bin/../lib/gcc/arm-none-eabi/6.3.1/../../../../arm-none-eabi/lib/thumb/v6-m\libg_nano.a(lib_a-findfp.o)
                0x00002570                __sf_fake_stdout
 .rodata._vfprintf_r.str1.1
                0x00002590       0x11 c:/program files (x86)/gnu tools arm embedded/6 2017-q1-update/bin/../lib/gcc/arm-none-eabi/6.3.1/../../../../arm-none-eabi/lib/thumb/v6-m\libg_nano.a(lib_a-nano-vfprintf.o)
 .rodata._printf_i.str1.1
                0x000025a1       0x22 c:/program files (x86)/gnu tools arm embedded/6 2017-q1-update/bin/../lib/gcc/arm-none-eabi/6.3.1/../../../../arm-none-eabi/lib/thumb/v6-m\libg_nano.a(lib_a-nano-vfprintf_i.o)
 *(.eh_frame*)
 *fill*         0x000025c3        0x1 
 .eh_frame      0x000025c4        0x0 c:/program files (x86)/gnu tools arm embedded/6 2017-q1-update/bin/../lib/gcc/arm-none-eabi/6.3.1/thumb/v6-m/crtbegin.o
 .eh_frame      0x000025c4        0x4 c:/program files (x86)/gnu tools arm embedded/6 2017-q1-update/bin/../lib/gcc/arm-none-eabi/6.3.1/thumb/v6-m/crtend.o

.glue_7         0x000025c8        0x0
 .glue_7        0x000025c8        0x0 linker stubs

.glue_7t        0x000025c8        0x0
 .glue_7t       0x000025c8        0x0 linker stubs

.vfp11_veneer   0x000025c8        0x0
 .vfp11_veneer  0x000025c8        0x0 linker stubs

.v4_bx          0x000025c8        0x0
 .v4_bx         0x000025c8        0x0 linker stubs

.iplt           0x000025c8        0x0
 .iplt          0x000025c8        0x0 c:/program files (x86)/gnu tools arm embedded/6 2017-q1-update/bin/../lib/gcc/arm-none-eabi/6.3.1/thumb/v6-m/crtbegin.o

.ARM.extab
 *(.ARM.extab* .gnu.linkonce.armextab.*)
                0x000025c8                __exidx_start = .

.ARM.exidx      0x000025c8        0x8
 *(.ARM.exidx* .gnu.linkonce.armexidx.*)
 .ARM.exidx     0x000025c8        0x8 c:/program files (x86)/gnu tools arm embedded/6 2017-q1-update/bin/../lib/gcc/arm-none-eabi/6.3.1/../../../../arm-none-eabi/lib/thumb/v6-m/crt0.o
                0x000025d0                __exidx_end = .
                0x000025d0                __etext = .

.rel.dyn        0x000025d0        0x0
 .rel.iplt      0x000025d0        0x0 c:/program files (x86)/gnu tools arm embedded/6 2017-q1-update/bin/../lib/gcc/arm-none-eabi/6.3.1/thumb/v6-m/crtbegin.o

.data           0x20000000       0x80 load address 0x000025d0
                0x20000000                __data_start__ = .
 *(vtable)
 *(.data*)
 .data.g_bUART_RX_Received_Data_State
                0x20000000        0x1 ./User/main.o
                0x20000000                g_bUART_RX_Received_Data_State
 *fill*         0x20000001        0x3 
 .data.CyclesPerUs
                0x20000004        0x4 ./CMSIS/CMSIS/system_M031Series.o
                0x20000004                CyclesPerUs
 .data.PllClock
                0x20000008        0x4 ./CMSIS/CMSIS/system_M031Series.o
                0x20000008                PllClock
 .data.SystemCoreClock
                0x2000000c        0x4 ./CMSIS/CMSIS/system_M031Series.o
                0x2000000c                SystemCoreClock
 .data._impure_ptr
                0x20000010        0x4 c:/program files (x86)/gnu tools arm embedded/6 2017-q1-update/bin/../lib/gcc/arm-none-eabi/6.3.1/../../../../arm-none-eabi/lib/thumb/v6-m\libg_nano.a(lib_a-impure.o)
                0x20000010                _impure_ptr
 .data.impure_data
                0x20000014       0x60 c:/program files (x86)/gnu tools arm embedded/6 2017-q1-update/bin/../lib/gcc/arm-none-eabi/6.3.1/../../../../arm-none-eabi/lib/thumb/v6-m\libg_nano.a(lib_a-impure.o)
                0x20000074                . = ALIGN (0x4)
                0x20000074                PROVIDE (__preinit_array_start, .)
 *(.preinit_array)
                0x20000074                PROVIDE (__preinit_array_end, .)
                0x20000074                . = ALIGN (0x4)
                0x20000074                PROVIDE (__init_array_start, .)
 *(SORT(.init_array.*))
 *(.init_array)
 .init_array    0x20000074        0x4 c:/program files (x86)/gnu tools arm embedded/6 2017-q1-update/bin/../lib/gcc/arm-none-eabi/6.3.1/thumb/v6-m/crtbegin.o
                0x20000078                PROVIDE (__init_array_end, .)
                0x20000078                . = ALIGN (0x4)
                [!provide]                PROVIDE (__fini_array_start, .)
 *(SORT(.fini_array.*))
 *(.fini_array)
 .fini_array    0x20000078        0x4 c:/program files (x86)/gnu tools arm embedded/6 2017-q1-update/bin/../lib/gcc/arm-none-eabi/6.3.1/thumb/v6-m/crtbegin.o
                [!provide]                PROVIDE (__fini_array_end, .)
 *(.jcr*)
 .jcr           0x2000007c        0x0 c:/program files (x86)/gnu tools arm embedded/6 2017-q1-update/bin/../lib/gcc/arm-none-eabi/6.3.1/thumb/v6-m/crtbegin.o
 .jcr           0x2000007c        0x4 c:/program files (x86)/gnu tools arm embedded/6 2017-q1-update/bin/../lib/gcc/arm-none-eabi/6.3.1/thumb/v6-m/crtend.o
                0x20000080                . = ALIGN (0x4)
                0x20000080                __data_end__ = .

.igot.plt       0x20000080        0x0 load address 0x00002650
 .igot.plt      0x20000080        0x0 c:/program files (x86)/gnu tools arm embedded/6 2017-q1-update/bin/../lib/gcc/arm-none-eabi/6.3.1/thumb/v6-m/crtbegin.o

.bss            0x20000080       0xd0 load address 0x00002650
                0x20000080                . = ALIGN (0x4)
                0x20000080                __bss_start__ = .
 *(.bss*)
 .bss           0x20000080       0x1c c:/program files (x86)/gnu tools arm embedded/6 2017-q1-update/bin/../lib/gcc/arm-none-eabi/6.3.1/thumb/v6-m/crtbegin.o
 .bss.Current_Valid_Page
                0x2000009c        0x4 ./User/EEPROM_Emulate.o
                0x2000009c                Current_Valid_Page
 .bss.BitFlag   0x200000a0        0x4 ./User/main.o
                0x200000a0                BitFlag
 .bss.CNT_read.8025
                0x200000a4        0x2 ./User/main.o
 .bss.CNT_write.8026
                0x200000a6        0x2 ./User/main.o
 .bss.g_au8UART_RX_Buffer
                0x200000a8       0x80 ./User/main.o
                0x200000a8                g_au8UART_RX_Buffer
 .bss.g_u8UART_RDA_Trigger_Cnt
                0x20000128        0x1 ./User/main.o
                0x20000128                g_u8UART_RDA_Trigger_Cnt
 .bss.g_u8UART_RXTO_Trigger_Cnt
                0x20000129        0x1 ./User/main.o
                0x20000129                g_u8UART_RXTO_Trigger_Cnt
 .bss.incr_base.7980
                0x2000012a        0x1 ./User/main.o
 *fill*         0x2000012b        0x1 
 .bss.u16UART_RX_Buffer_Index.8006
                0x2000012c        0x2 ./User/main.o
 *fill*         0x2000012e        0x2 
 .bss.__malloc_free_list
                0x20000130        0x4 c:/program files (x86)/gnu tools arm embedded/6 2017-q1-update/bin/../lib/gcc/arm-none-eabi/6.3.1/../../../../arm-none-eabi/lib/thumb/v6-m\libg_nano.a(lib_a-nano-mallocr.o)
                0x20000130                __malloc_free_list
 .bss.__malloc_sbrk_start
                0x20000134        0x4 c:/program files (x86)/gnu tools arm embedded/6 2017-q1-update/bin/../lib/gcc/arm-none-eabi/6.3.1/../../../../arm-none-eabi/lib/thumb/v6-m\libg_nano.a(lib_a-nano-mallocr.o)
                0x20000134                __malloc_sbrk_start
 .bss.heap_end.4116
                0x20000138        0x4 c:/program files (x86)/gnu tools arm embedded/6 2017-q1-update/bin/../lib/gcc/arm-none-eabi/6.3.1/../../../../arm-none-eabi/lib/thumb/v6-m\libnosys.a(sbrk.o)
 *(COMMON)
 COMMON         0x2000013c       0x10 ./User/EEPROM_Emulate.o
                0x2000013c                Written_Data
                0x20000140                Amount_Pages
                0x20000144                Amount_of_Data
                0x20000148                Current_Cursor
 COMMON         0x2000014c        0x4 ./CMSIS/CMSIS/GCC/_syscalls.o
                0x2000014c                errno
                0x20000150                . = ALIGN (0x4)
                0x20000150                __bss_end__ = .

.heap           0x20000150      0x100
                0x20000150                __HeapBase = .
                0x20000150                __end__ = .
                0x20000150                end = __end__
 *(.heap*)
 .heap          0x20000150      0x100 ./CMSIS/CMSIS/GCC/startup_M031Series.o
                0x20000250                __HeapLimit = .

.stack_dummy    0x20000150      0x200
 *(.stack*)
 .stack         0x20000150      0x200 ./CMSIS/CMSIS/GCC/startup_M031Series.o
                0x20000800                __StackTop = (ORIGIN (RAM) + LENGTH (RAM))
                0x20000600                __StackLimit = (__StackTop - SIZEOF (.stack_dummy))
                0x20000800                PROVIDE (__stack, __StackTop)
                0x00000001                ASSERT ((__StackLimit >= __HeapLimit), region RAM overflowed with stack)
OUTPUT(Template.elf elf32-littlearm)

.ARM.attributes
                0x00000000       0x28
 .ARM.attributes
                0x00000000       0x1e c:/program files (x86)/gnu tools arm embedded/6 2017-q1-update/bin/../lib/gcc/arm-none-eabi/6.3.1/thumb/v6-m/crti.o
 .ARM.attributes
                0x0000001e       0x2c c:/program files (x86)/gnu tools arm embedded/6 2017-q1-update/bin/../lib/gcc/arm-none-eabi/6.3.1/thumb/v6-m/crtbegin.o
 .ARM.attributes
                0x0000004a       0x1b c:/program files (x86)/gnu tools arm embedded/6 2017-q1-update/bin/../lib/gcc/arm-none-eabi/6.3.1/../../../../arm-none-eabi/lib/thumb/v6-m/crt0.o
 .ARM.attributes
                0x00000065       0x31 ./User/EEPROM_Emulate.o
 .ARM.attributes
                0x00000096       0x31 ./User/main.o
 .ARM.attributes
                0x000000c7       0x31 ./Library/clk.o
 .ARM.attributes
                0x000000f8       0x31 ./Library/fmc.o
 .ARM.attributes
                0x00000129       0x31 ./Library/gpio.o
 .ARM.attributes
                0x0000015a       0x31 ./Library/retarget.o
 .ARM.attributes
                0x0000018b       0x31 ./Library/sys.o
 .ARM.attributes
                0x000001bc       0x31 ./Library/timer.o
 .ARM.attributes
                0x000001ed       0x31 ./Library/uart.o
 .ARM.attributes
                0x0000021e       0x31 ./CMSIS/CMSIS/GCC/_syscalls.o
 .ARM.attributes
                0x0000024f       0x1b ./CMSIS/CMSIS/GCC/startup_M031Series.o
 .ARM.attributes
                0x0000026a       0x31 ./CMSIS/CMSIS/system_M031Series.o
 .ARM.attributes
                0x0000029b       0x1e c:/program files (x86)/gnu tools arm embedded/6 2017-q1-update/bin/../lib/gcc/arm-none-eabi/6.3.1/thumb/v6-m\libgcc.a(_udivsi3.o)
 .ARM.attributes
                0x000002b9       0x1e c:/program files (x86)/gnu tools arm embedded/6 2017-q1-update/bin/../lib/gcc/arm-none-eabi/6.3.1/thumb/v6-m\libgcc.a(_dvmd_tls.o)
 .ARM.attributes
                0x000002d7       0x2c c:/program files (x86)/gnu tools arm embedded/6 2017-q1-update/bin/../lib/gcc/arm-none-eabi/6.3.1/../../../../arm-none-eabi/lib/thumb/v6-m\libg_nano.a(lib_a-errno.o)
 .ARM.attributes
                0x00000303       0x2c c:/program files (x86)/gnu tools arm embedded/6 2017-q1-update/bin/../lib/gcc/arm-none-eabi/6.3.1/../../../../arm-none-eabi/lib/thumb/v6-m\libg_nano.a(lib_a-exit.o)
 .ARM.attributes
                0x0000032f       0x2c c:/program files (x86)/gnu tools arm embedded/6 2017-q1-update/bin/../lib/gcc/arm-none-eabi/6.3.1/../../../../arm-none-eabi/lib/thumb/v6-m\libg_nano.a(lib_a-impure.o)
 .ARM.attributes
                0x0000035b       0x2c c:/program files (x86)/gnu tools arm embedded/6 2017-q1-update/bin/../lib/gcc/arm-none-eabi/6.3.1/../../../../arm-none-eabi/lib/thumb/v6-m\libg_nano.a(lib_a-init.o)
 .ARM.attributes
                0x00000387       0x2c c:/program files (x86)/gnu tools arm embedded/6 2017-q1-update/bin/../lib/gcc/arm-none-eabi/6.3.1/../../../../arm-none-eabi/lib/thumb/v6-m\libg_nano.a(lib_a-malloc.o)
 .ARM.attributes
                0x000003b3       0x2c c:/program files (x86)/gnu tools arm embedded/6 2017-q1-update/bin/../lib/gcc/arm-none-eabi/6.3.1/../../../../arm-none-eabi/lib/thumb/v6-m\libg_nano.a(lib_a-memcpy-stub.o)
 .ARM.attributes
                0x000003df       0x2c c:/program files (x86)/gnu tools arm embedded/6 2017-q1-update/bin/../lib/gcc/arm-none-eabi/6.3.1/../../../../arm-none-eabi/lib/thumb/v6-m\libg_nano.a(lib_a-memset.o)
 .ARM.attributes
                0x0000040b       0x2c c:/program files (x86)/gnu tools arm embedded/6 2017-q1-update/bin/../lib/gcc/arm-none-eabi/6.3.1/../../../../arm-none-eabi/lib/thumb/v6-m\libg_nano.a(lib_a-nano-freer.o)
 .ARM.attributes
                0x00000437       0x2c c:/program files (x86)/gnu tools arm embedded/6 2017-q1-update/bin/../lib/gcc/arm-none-eabi/6.3.1/../../../../arm-none-eabi/lib/thumb/v6-m\libg_nano.a(lib_a-nano-mallocr.o)
 .ARM.attributes
                0x00000463       0x2c c:/program files (x86)/gnu tools arm embedded/6 2017-q1-update/bin/../lib/gcc/arm-none-eabi/6.3.1/../../../../arm-none-eabi/lib/thumb/v6-m\libg_nano.a(lib_a-printf.o)
 .ARM.attributes
                0x0000048f       0x2c c:/program files (x86)/gnu tools arm embedded/6 2017-q1-update/bin/../lib/gcc/arm-none-eabi/6.3.1/../../../../arm-none-eabi/lib/thumb/v6-m\libg_nano.a(lib_a-puts.o)
 .ARM.attributes
                0x000004bb       0x2c c:/program files (x86)/gnu tools arm embedded/6 2017-q1-update/bin/../lib/gcc/arm-none-eabi/6.3.1/../../../../arm-none-eabi/lib/thumb/v6-m\libg_nano.a(lib_a-sbrkr.o)
 .ARM.attributes
                0x000004e7       0x1c c:/program files (x86)/gnu tools arm embedded/6 2017-q1-update/bin/../lib/gcc/arm-none-eabi/6.3.1/../../../../arm-none-eabi/lib/thumb/v6-m\libg_nano.a(lib_a-strlen.o)
 .ARM.attributes
                0x00000503       0x2c c:/program files (x86)/gnu tools arm embedded/6 2017-q1-update/bin/../lib/gcc/arm-none-eabi/6.3.1/../../../../arm-none-eabi/lib/thumb/v6-m\libg_nano.a(lib_a-wbuf.o)
 .ARM.attributes
                0x0000052f       0x2c c:/program files (x86)/gnu tools arm embedded/6 2017-q1-update/bin/../lib/gcc/arm-none-eabi/6.3.1/../../../../arm-none-eabi/lib/thumb/v6-m\libg_nano.a(lib_a-wsetup.o)
 .ARM.attributes
                0x0000055b       0x2c c:/program files (x86)/gnu tools arm embedded/6 2017-q1-update/bin/../lib/gcc/arm-none-eabi/6.3.1/../../../../arm-none-eabi/lib/thumb/v6-m\libg_nano.a(lib_a-fflush.o)
 .ARM.attributes
                0x00000587       0x2c c:/program files (x86)/gnu tools arm embedded/6 2017-q1-update/bin/../lib/gcc/arm-none-eabi/6.3.1/../../../../arm-none-eabi/lib/thumb/v6-m\libg_nano.a(lib_a-findfp.o)
 .ARM.attributes
                0x000005b3       0x2c c:/program files (x86)/gnu tools arm embedded/6 2017-q1-update/bin/../lib/gcc/arm-none-eabi/6.3.1/../../../../arm-none-eabi/lib/thumb/v6-m\libg_nano.a(lib_a-fwalk.o)
 .ARM.attributes
                0x000005df       0x2c c:/program files (x86)/gnu tools arm embedded/6 2017-q1-update/bin/../lib/gcc/arm-none-eabi/6.3.1/../../../../arm-none-eabi/lib/thumb/v6-m\libg_nano.a(lib_a-makebuf.o)
 .ARM.attributes
                0x0000060b       0x2c c:/program files (x86)/gnu tools arm embedded/6 2017-q1-update/bin/../lib/gcc/arm-none-eabi/6.3.1/../../../../arm-none-eabi/lib/thumb/v6-m\libg_nano.a(lib_a-mlock.o)
 .ARM.attributes
                0x00000637       0x2c c:/program files (x86)/gnu tools arm embedded/6 2017-q1-update/bin/../lib/gcc/arm-none-eabi/6.3.1/../../../../arm-none-eabi/lib/thumb/v6-m\libg_nano.a(lib_a-nano-vfprintf.o)
 .ARM.attributes
                0x00000663       0x2c c:/program files (x86)/gnu tools arm embedded/6 2017-q1-update/bin/../lib/gcc/arm-none-eabi/6.3.1/../../../../arm-none-eabi/lib/thumb/v6-m\libg_nano.a(lib_a-nano-vfprintf_i.o)
 .ARM.attributes
                0x0000068f       0x2c c:/program files (x86)/gnu tools arm embedded/6 2017-q1-update/bin/../lib/gcc/arm-none-eabi/6.3.1/../../../../arm-none-eabi/lib/thumb/v6-m\libg_nano.a(lib_a-stdio.o)
 .ARM.attributes
                0x000006bb       0x2c c:/program files (x86)/gnu tools arm embedded/6 2017-q1-update/bin/../lib/gcc/arm-none-eabi/6.3.1/../../../../arm-none-eabi/lib/thumb/v6-m\libg_nano.a(lib_a-writer.o)
 .ARM.attributes
                0x000006e7       0x2c c:/program files (x86)/gnu tools arm embedded/6 2017-q1-update/bin/../lib/gcc/arm-none-eabi/6.3.1/../../../../arm-none-eabi/lib/thumb/v6-m\libg_nano.a(lib_a-closer.o)
 .ARM.attributes
                0x00000713       0x2c c:/program files (x86)/gnu tools arm embedded/6 2017-q1-update/bin/../lib/gcc/arm-none-eabi/6.3.1/../../../../arm-none-eabi/lib/thumb/v6-m\libg_nano.a(lib_a-fstatr.o)
 .ARM.attributes
                0x0000073f       0x2c c:/program files (x86)/gnu tools arm embedded/6 2017-q1-update/bin/../lib/gcc/arm-none-eabi/6.3.1/../../../../arm-none-eabi/lib/thumb/v6-m\libg_nano.a(lib_a-isattyr.o)
 .ARM.attributes
                0x0000076b       0x2c c:/program files (x86)/gnu tools arm embedded/6 2017-q1-update/bin/../lib/gcc/arm-none-eabi/6.3.1/../../../../arm-none-eabi/lib/thumb/v6-m\libg_nano.a(lib_a-lseekr.o)
 .ARM.attributes
                0x00000797       0x2c c:/program files (x86)/gnu tools arm embedded/6 2017-q1-update/bin/../lib/gcc/arm-none-eabi/6.3.1/../../../../arm-none-eabi/lib/thumb/v6-m\libg_nano.a(lib_a-memchr-stub.o)
 .ARM.attributes
                0x000007c3       0x2c c:/program files (x86)/gnu tools arm embedded/6 2017-q1-update/bin/../lib/gcc/arm-none-eabi/6.3.1/../../../../arm-none-eabi/lib/thumb/v6-m\libg_nano.a(lib_a-readr.o)
 .ARM.attributes
                0x000007ef       0x2c c:/program files (x86)/gnu tools arm embedded/6 2017-q1-update/bin/../lib/gcc/arm-none-eabi/6.3.1/thumb/v6-m/crtend.o
 .ARM.attributes
                0x0000081b       0x1e c:/program files (x86)/gnu tools arm embedded/6 2017-q1-update/bin/../lib/gcc/arm-none-eabi/6.3.1/thumb/v6-m/crtn.o
 .ARM.attributes
                0x00000839       0x2c c:/program files (x86)/gnu tools arm embedded/6 2017-q1-update/bin/../lib/gcc/arm-none-eabi/6.3.1/../../../../arm-none-eabi/lib/thumb/v6-m\libnosys.a(sbrk.o)
 .ARM.attributes
                0x00000865       0x2c c:/program files (x86)/gnu tools arm embedded/6 2017-q1-update/bin/../lib/gcc/arm-none-eabi/6.3.1/../../../../arm-none-eabi/lib/thumb/v6-m\libnosys.a(_exit.o)

.comment        0x00000000       0x7f
 .comment       0x00000000       0x7f ./User/EEPROM_Emulate.o
                                 0x80 (size before relaxing)
 .comment       0x0000007f       0x80 ./User/main.o
 .comment       0x0000007f       0x80 ./Library/clk.o
 .comment       0x0000007f       0x80 ./Library/fmc.o
 .comment       0x0000007f       0x80 ./Library/gpio.o
 .comment       0x0000007f       0x80 ./Library/retarget.o
 .comment       0x0000007f       0x80 ./Library/sys.o
 .comment       0x0000007f       0x80 ./Library/timer.o
 .comment       0x0000007f       0x80 ./Library/uart.o
 .comment       0x0000007f       0x80 ./CMSIS/CMSIS/GCC/_syscalls.o
 .comment       0x0000007f       0x80 ./CMSIS/CMSIS/system_M031Series.o

.debug_info     0x00000000     0xa5e3
 .debug_info    0x00000000     0x143b ./User/EEPROM_Emulate.o
 .debug_info    0x0000143b     0x1dbc ./User/main.o
 .debug_info    0x000031f7      0xf9d ./Library/clk.o
 .debug_info    0x00004194     0x1004 ./Library/fmc.o
 .debug_info    0x00005198      0x2a0 ./Library/gpio.o
 .debug_info    0x00005438      0xe1b ./Library/retarget.o
 .debug_info    0x00006253      0x6b8 ./Library/sys.o
 .debug_info    0x0000690b      0x787 ./Library/timer.o
 .debug_info    0x00007092     0x11c4 ./Library/uart.o
 .debug_info    0x00008256     0x1157 ./CMSIS/CMSIS/GCC/_syscalls.o
 .debug_info    0x000093ad       0xf3 ./CMSIS/CMSIS/GCC/startup_M031Series.o
 .debug_info    0x000094a0     0x1143 ./CMSIS/CMSIS/system_M031Series.o

.debug_abbrev   0x00000000     0x1e8c
 .debug_abbrev  0x00000000      0x2b8 ./User/EEPROM_Emulate.o
 .debug_abbrev  0x000002b8      0x470 ./User/main.o
 .debug_abbrev  0x00000728      0x35a ./Library/clk.o
 .debug_abbrev  0x00000a82      0x34b ./Library/fmc.o
 .debug_abbrev  0x00000dcd      0x107 ./Library/gpio.o
 .debug_abbrev  0x00000ed4      0x385 ./Library/retarget.o
 .debug_abbrev  0x00001259      0x158 ./Library/sys.o
 .debug_abbrev  0x000013b1      0x255 ./Library/timer.o
 .debug_abbrev  0x00001606      0x2e6 ./Library/uart.o
 .debug_abbrev  0x000018ec      0x322 ./CMSIS/CMSIS/GCC/_syscalls.o
 .debug_abbrev  0x00001c0e       0x14 ./CMSIS/CMSIS/GCC/startup_M031Series.o
 .debug_abbrev  0x00001c22      0x26a ./CMSIS/CMSIS/system_M031Series.o

.debug_loc      0x00000000     0x25d4
 .debug_loc     0x00000000      0x3df ./User/EEPROM_Emulate.o
 .debug_loc     0x000003df      0x17a ./User/main.o
 .debug_loc     0x00000559      0x7e0 ./Library/clk.o
 .debug_loc     0x00000d39      0x67b ./Library/fmc.o
 .debug_loc     0x000013b4       0x40 ./Library/gpio.o
 .debug_loc     0x000013f4      0x19d ./Library/retarget.o
 .debug_loc     0x00001591       0x63 ./Library/sys.o
 .debug_loc     0x000015f4      0x495 ./Library/timer.o
 .debug_loc     0x00001a89      0x64d ./Library/uart.o
 .debug_loc     0x000020d6      0x3ff ./CMSIS/CMSIS/GCC/_syscalls.o
 .debug_loc     0x000024d5       0xff ./CMSIS/CMSIS/system_M031Series.o

.debug_aranges  0x00000000      0x540
 .debug_aranges
                0x00000000       0x50 ./User/EEPROM_Emulate.o
 .debug_aranges
                0x00000050       0xa0 ./User/main.o
 .debug_aranges
                0x000000f0       0xc8 ./Library/clk.o
 .debug_aranges
                0x000001b8       0xa0 ./Library/fmc.o
 .debug_aranges
                0x00000258       0x30 ./Library/gpio.o
 .debug_aranges
                0x00000288       0x60 ./Library/retarget.o
 .debug_aranges
                0x000002e8       0x68 ./Library/sys.o
 .debug_aranges
                0x00000350       0x78 ./Library/timer.o
 .debug_aranges
                0x000003c8       0x90 ./Library/uart.o
 .debug_aranges
                0x00000458       0xa0 ./CMSIS/CMSIS/GCC/_syscalls.o
 .debug_aranges
                0x000004f8       0x20 ./CMSIS/CMSIS/GCC/startup_M031Series.o
 .debug_aranges
                0x00000518       0x28 ./CMSIS/CMSIS/system_M031Series.o

.debug_ranges   0x00000000      0x548
 .debug_ranges  0x00000000       0x40 ./User/EEPROM_Emulate.o
 .debug_ranges  0x00000040      0x108 ./User/main.o
 .debug_ranges  0x00000148       0xd0 ./Library/clk.o
 .debug_ranges  0x00000218       0x90 ./Library/fmc.o
 .debug_ranges  0x000002a8       0x20 ./Library/gpio.o
 .debug_ranges  0x000002c8       0x50 ./Library/retarget.o
 .debug_ranges  0x00000318       0x58 ./Library/sys.o
 .debug_ranges  0x00000370       0x80 ./Library/timer.o
 .debug_ranges  0x000003f0       0x80 ./Library/uart.o
 .debug_ranges  0x00000470       0x90 ./CMSIS/CMSIS/GCC/_syscalls.o
 .debug_ranges  0x00000500       0x48 ./CMSIS/CMSIS/system_M031Series.o

.debug_line     0x00000000     0x311f
 .debug_line    0x00000000      0x4c3 ./User/EEPROM_Emulate.o
 .debug_line    0x000004c3      0x6e4 ./User/main.o
 .debug_line    0x00000ba7      0x56f ./Library/clk.o
 .debug_line    0x00001116      0x580 ./Library/fmc.o
 .debug_line    0x00001696      0x26a ./Library/gpio.o
 .debug_line    0x00001900      0x412 ./Library/retarget.o
 .debug_line    0x00001d12      0x2e8 ./Library/sys.o
 .debug_line    0x00001ffa      0x400 ./Library/timer.o
 .debug_line    0x000023fa      0x501 ./Library/uart.o
 .debug_line    0x000028fb      0x3d1 ./CMSIS/CMSIS/GCC/_syscalls.o
 .debug_line    0x00002ccc       0xd2 ./CMSIS/CMSIS/GCC/startup_M031Series.o
 .debug_line    0x00002d9e      0x381 ./CMSIS/CMSIS/system_M031Series.o

.debug_str      0x00000000     0x2025
 .debug_str     0x00000000      0xa98 ./User/EEPROM_Emulate.o
                                0xb90 (size before relaxing)
 .debug_str     0x00000a98      0x75d ./User/main.o
                               0x1121 (size before relaxing)
 .debug_str     0x000011f5      0x2f1 ./Library/clk.o
                                0x8e7 (size before relaxing)
 .debug_str     0x000014e6      0x195 ./Library/fmc.o
                                0x916 (size before relaxing)
 .debug_str     0x0000167b       0xa0 ./Library/gpio.o
                                0x317 (size before relaxing)
 .debug_str     0x0000171b       0xd3 ./Library/retarget.o
                                0x7f0 (size before relaxing)
 .debug_str     0x000017ee      0x105 ./Library/sys.o
                                0x59d (size before relaxing)
 .debug_str     0x000018f3      0x1c4 ./Library/timer.o
                                0x541 (size before relaxing)
 .debug_str     0x00001ab7      0x1e0 ./Library/uart.o
                                0xa6c (size before relaxing)
 .debug_str     0x00001c97      0x2fb ./CMSIS/CMSIS/GCC/_syscalls.o
                                0x8c3 (size before relaxing)
 .debug_str     0x00001f92       0x93 ./CMSIS/CMSIS/system_M031Series.o
                                0xa7d (size before relaxing)

.debug_frame    0x00000000     0x14d4
 .debug_frame   0x00000000       0xd0 ./User/EEPROM_Emulate.o
 .debug_frame   0x000000d0      0x1ac ./User/main.o
 .debug_frame   0x0000027c      0x220 ./Library/clk.o
 .debug_frame   0x0000049c      0x168 ./Library/fmc.o
 .debug_frame   0x00000604       0x58 ./Library/gpio.o
 .debug_frame   0x0000065c       0xd0 ./Library/retarget.o
 .debug_frame   0x0000072c       0xb8 ./Library/sys.o
 .debug_frame   0x000007e4      0x108 ./Library/timer.o
 .debug_frame   0x000008ec      0x15c ./Library/uart.o
 .debug_frame   0x00000a48      0x230 ./CMSIS/CMSIS/GCC/_syscalls.o
 .debug_frame   0x00000c78       0x48 ./CMSIS/CMSIS/system_M031Series.o
 .debug_frame   0x00000cc0       0x20 c:/program files (x86)/gnu tools arm embedded/6 2017-q1-update/bin/../lib/gcc/arm-none-eabi/6.3.1/thumb/v6-m\libgcc.a(_udivsi3.o)
 .debug_frame   0x00000ce0       0x20 c:/program files (x86)/gnu tools arm embedded/6 2017-q1-update/bin/../lib/gcc/arm-none-eabi/6.3.1/../../../../arm-none-eabi/lib/thumb/v6-m\libg_nano.a(lib_a-errno.o)
 .debug_frame   0x00000d00       0x28 c:/program files (x86)/gnu tools arm embedded/6 2017-q1-update/bin/../lib/gcc/arm-none-eabi/6.3.1/../../../../arm-none-eabi/lib/thumb/v6-m\libg_nano.a(lib_a-exit.o)
 .debug_frame   0x00000d28       0x2c c:/program files (x86)/gnu tools arm embedded/6 2017-q1-update/bin/../lib/gcc/arm-none-eabi/6.3.1/../../../../arm-none-eabi/lib/thumb/v6-m\libg_nano.a(lib_a-init.o)
 .debug_frame   0x00000d54       0x40 c:/program files (x86)/gnu tools arm embedded/6 2017-q1-update/bin/../lib/gcc/arm-none-eabi/6.3.1/../../../../arm-none-eabi/lib/thumb/v6-m\libg_nano.a(lib_a-malloc.o)
 .debug_frame   0x00000d94       0x28 c:/program files (x86)/gnu tools arm embedded/6 2017-q1-update/bin/../lib/gcc/arm-none-eabi/6.3.1/../../../../arm-none-eabi/lib/thumb/v6-m\libg_nano.a(lib_a-memcpy-stub.o)
 .debug_frame   0x00000dbc       0x20 c:/program files (x86)/gnu tools arm embedded/6 2017-q1-update/bin/../lib/gcc/arm-none-eabi/6.3.1/../../../../arm-none-eabi/lib/thumb/v6-m\libg_nano.a(lib_a-memset.o)
 .debug_frame   0x00000ddc       0x2c c:/program files (x86)/gnu tools arm embedded/6 2017-q1-update/bin/../lib/gcc/arm-none-eabi/6.3.1/../../../../arm-none-eabi/lib/thumb/v6-m\libg_nano.a(lib_a-nano-freer.o)
 .debug_frame   0x00000e08       0x2c c:/program files (x86)/gnu tools arm embedded/6 2017-q1-update/bin/../lib/gcc/arm-none-eabi/6.3.1/../../../../arm-none-eabi/lib/thumb/v6-m\libg_nano.a(lib_a-nano-mallocr.o)
 .debug_frame   0x00000e34       0x50 c:/program files (x86)/gnu tools arm embedded/6 2017-q1-update/bin/../lib/gcc/arm-none-eabi/6.3.1/../../../../arm-none-eabi/lib/thumb/v6-m\libg_nano.a(lib_a-printf.o)
 .debug_frame   0x00000e84       0x44 c:/program files (x86)/gnu tools arm embedded/6 2017-q1-update/bin/../lib/gcc/arm-none-eabi/6.3.1/../../../../arm-none-eabi/lib/thumb/v6-m\libg_nano.a(lib_a-puts.o)
 .debug_frame   0x00000ec8       0x2c c:/program files (x86)/gnu tools arm embedded/6 2017-q1-update/bin/../lib/gcc/arm-none-eabi/6.3.1/../../../../arm-none-eabi/lib/thumb/v6-m\libg_nano.a(lib_a-sbrkr.o)
 .debug_frame   0x00000ef4       0x48 c:/program files (x86)/gnu tools arm embedded/6 2017-q1-update/bin/../lib/gcc/arm-none-eabi/6.3.1/../../../../arm-none-eabi/lib/thumb/v6-m\libg_nano.a(lib_a-wbuf.o)
 .debug_frame   0x00000f3c       0x2c c:/program files (x86)/gnu tools arm embedded/6 2017-q1-update/bin/../lib/gcc/arm-none-eabi/6.3.1/../../../../arm-none-eabi/lib/thumb/v6-m\libg_nano.a(lib_a-wsetup.o)
 .debug_frame   0x00000f68       0x68 c:/program files (x86)/gnu tools arm embedded/6 2017-q1-update/bin/../lib/gcc/arm-none-eabi/6.3.1/../../../../arm-none-eabi/lib/thumb/v6-m\libg_nano.a(lib_a-fflush.o)
 .debug_frame   0x00000fd0      0x140 c:/program files (x86)/gnu tools arm embedded/6 2017-q1-update/bin/../lib/gcc/arm-none-eabi/6.3.1/../../../../arm-none-eabi/lib/thumb/v6-m\libg_nano.a(lib_a-findfp.o)
 .debug_frame   0x00001110       0x58 c:/program files (x86)/gnu tools arm embedded/6 2017-q1-update/bin/../lib/gcc/arm-none-eabi/6.3.1/../../../../arm-none-eabi/lib/thumb/v6-m\libg_nano.a(lib_a-fwalk.o)
 .debug_frame   0x00001168       0x54 c:/program files (x86)/gnu tools arm embedded/6 2017-q1-update/bin/../lib/gcc/arm-none-eabi/6.3.1/../../../../arm-none-eabi/lib/thumb/v6-m\libg_nano.a(lib_a-makebuf.o)
 .debug_frame   0x000011bc       0x30 c:/program files (x86)/gnu tools arm embedded/6 2017-q1-update/bin/../lib/gcc/arm-none-eabi/6.3.1/../../../../arm-none-eabi/lib/thumb/v6-m\libg_nano.a(lib_a-mlock.o)
 .debug_frame   0x000011ec       0x9c c:/program files (x86)/gnu tools arm embedded/6 2017-q1-update/bin/../lib/gcc/arm-none-eabi/6.3.1/../../../../arm-none-eabi/lib/thumb/v6-m\libg_nano.a(lib_a-nano-vfprintf.o)
 .debug_frame   0x00001288       0x54 c:/program files (x86)/gnu tools arm embedded/6 2017-q1-update/bin/../lib/gcc/arm-none-eabi/6.3.1/../../../../arm-none-eabi/lib/thumb/v6-m\libg_nano.a(lib_a-nano-vfprintf_i.o)
 .debug_frame   0x000012dc       0x90 c:/program files (x86)/gnu tools arm embedded/6 2017-q1-update/bin/../lib/gcc/arm-none-eabi/6.3.1/../../../../arm-none-eabi/lib/thumb/v6-m\libg_nano.a(lib_a-stdio.o)
 .debug_frame   0x0000136c       0x2c c:/program files (x86)/gnu tools arm embedded/6 2017-q1-update/bin/../lib/gcc/arm-none-eabi/6.3.1/../../../../arm-none-eabi/lib/thumb/v6-m\libg_nano.a(lib_a-writer.o)
 .debug_frame   0x00001398       0x2c c:/program files (x86)/gnu tools arm embedded/6 2017-q1-update/bin/../lib/gcc/arm-none-eabi/6.3.1/../../../../arm-none-eabi/lib/thumb/v6-m\libg_nano.a(lib_a-closer.o)
 .debug_frame   0x000013c4       0x2c c:/program files (x86)/gnu tools arm embedded/6 2017-q1-update/bin/../lib/gcc/arm-none-eabi/6.3.1/../../../../arm-none-eabi/lib/thumb/v6-m\libg_nano.a(lib_a-fstatr.o)
 .debug_frame   0x000013f0       0x2c c:/program files (x86)/gnu tools arm embedded/6 2017-q1-update/bin/../lib/gcc/arm-none-eabi/6.3.1/../../../../arm-none-eabi/lib/thumb/v6-m\libg_nano.a(lib_a-isattyr.o)
 .debug_frame   0x0000141c       0x2c c:/program files (x86)/gnu tools arm embedded/6 2017-q1-update/bin/../lib/gcc/arm-none-eabi/6.3.1/../../../../arm-none-eabi/lib/thumb/v6-m\libg_nano.a(lib_a-lseekr.o)
 .debug_frame   0x00001448       0x20 c:/program files (x86)/gnu tools arm embedded/6 2017-q1-update/bin/../lib/gcc/arm-none-eabi/6.3.1/../../../../arm-none-eabi/lib/thumb/v6-m\libg_nano.a(lib_a-memchr-stub.o)
 .debug_frame   0x00001468       0x2c c:/program files (x86)/gnu tools arm embedded/6 2017-q1-update/bin/../lib/gcc/arm-none-eabi/6.3.1/../../../../arm-none-eabi/lib/thumb/v6-m\libg_nano.a(lib_a-readr.o)
 .debug_frame   0x00001494       0x20 c:/program files (x86)/gnu tools arm embedded/6 2017-q1-update/bin/../lib/gcc/arm-none-eabi/6.3.1/../../../../arm-none-eabi/lib/thumb/v6-m\libnosys.a(sbrk.o)
 .debug_frame   0x000014b4       0x20 c:/program files (x86)/gnu tools arm embedded/6 2017-q1-update/bin/../lib/gcc/arm-none-eabi/6.3.1/../../../../arm-none-eabi/lib/thumb/v6-m\libnosys.a(_exit.o)
